<html>
<body>
<pre>
<h1>µVision Build Log</h1>
<h2>Tool Versions:</h2>
IDE-Version: ¦ÌVision V5.14.0.0
Copyright (C) 2015 ARM Ltd and ARM Germany GmbH. All rights reserved.
License Information: Li shaoyin, Mophi, LIC=Y2B45-G7BRE-NTD3G-V9H65-NL02K-A0CBN
 
Tool Versions:
Toolchain:       MDK-ARM Professional  Version: 5.14.0.0
Toolchain Path:  E:\MDK5\InstallFiles\Core\ARM\ARMCC\Bin
C Compiler:      Armcc.exe V5.05 update 1 (build 106)
Assembler:       Armasm.exe V5.05 update 1 (build 106)
Linker/Locator:  ArmLink.exe V5.05 update 1 (build 106)
Library Manager: ArmAr.exe V5.05 update 1 (build 106)
Hex Converter:   FromElf.exe V5.05 update 1 (build 106)
CPU DLL:         SARMCM3.DLL V5.14.0.0
Dialog DLL:      DCM.DLL V1.13.1.0
Target DLL:      CMSIS_AGDI.dll V1.21.0.0
Dialog DLL:      TCM.DLL V1.14.4.0
 
<h2>Project:</h2>
D:\STM32_Program\Project_PAJ7620\USER\PAJ7620.uvprojx
Project File Date:  11/04/2019

<h2>Output:</h2>
Build target 'PAJ7620'
compiling main.c...
linking...
Program Size: Code=3246 RO-data=658 RW-data=4 ZI-data=1636  
"..\OBJ\Objects\PAJ7620.axf" - 0 Error(s), 0 Warning(s).

<h2>Collection of Component include folders:</h2>
  D:\STM32_Program\Project_PAJ7620\USER\RTE
  E:\MDK5\InstallFiles\Pack\Keil\STM32F4xx_DFP\2.14.0

<h2>Collection of Component Files used:</h2>
</pre>
</body>
</html>
